// Jest Snapshot v1, https://goo.gl/fbAQLP

exports[`<HomeScreen /> renders correctly 1`] = `
<withOrientation
  style={
    Object {
      "backgroundColor": "#fff",
      "flex": 1,
    }
  }
>
  <ScrollViewMock
    contentContainerStyle={
      Object {
        "alignItems": "center",
        "paddingTop": 30,
      }
    }
  >
    <Component
      style={
        Object {
          "color": "#1d2d3a",
        }
      }
    >
      Home Content Area
    </Component>
    <Component
      style={
        Object {
          "height": 80,
          "width": "100%",
        }
      }
    />
    <Touch
      accesCType="button"
      accesLabel={null}
      accesTrait="button"
      accessible={true}
      icon={null}
      onPress={[Function]}
      opacityActive={0.8}
      style={
        Object {
          "alignItems": "center",
          "backgroundColor": "#1d2d3a",
          "borderColor": "#1d2d3a",
          "borderRadius": 4,
          "borderWidth": 0.5,
          "height": 48,
          "justifyContent": "center",
          "paddingHorizontal": 24,
          "paddingVertical": 8,
        }
      }
      text="jump to Multi tab"
      textStyle={
        Object {
          "color": "#fff",
          "textAlign": "center",
        }
      }
    />
  </ScrollViewMock>
</withOrientation>
`;
